\BOOKMARK [1][-]{section.1}{\376\377\000I\000d\000e\000a\000\040\000g\000e\000n\000e\000r\000a\000l\000e}{}% 1
\BOOKMARK [1][-]{section.2}{\376\377\000P\000a\000t\000t\000e\000r\000n\000\040\000p\000r\000o\000t\000o\000t\000i\000p\000o\000\040\000e\000\040\000c\000o\000p\000i\000a}{}% 2
\BOOKMARK [2][-]{subsection.2.1}{\376\377\000M\000a\000t\000e\000r\000i\000a\000l\000i}{section.2}% 3
\BOOKMARK [2][-]{subsection.2.2}{\376\377\000S\000e\000z\000i\000o\000n\000i}{section.2}% 4
\BOOKMARK [2][-]{subsection.2.3}{\376\377\000T\000r\000a\000s\000f\000o\000r\000m\000a\000z\000i\000o\000n\000i\000\040\000g\000e\000o\000m\000e\000t\000r\000i\000c\000h\000e}{section.2}% 5
\BOOKMARK [1][-]{section.3}{\376\377\000S\000i\000n\000t\000a\000s\000s\000i\000\040\000d\000e\000l\000l\000o\000\040\000s\000c\000r\000i\000p\000t\000\040\000d\000e\000l\000\040\000m\000o\000d\000e\000l\000l\000o}{}% 6
\BOOKMARK [2][-]{subsection.3.1}{\376\377\000C\000r\000e\000a\000z\000i\000o\000n\000e\000\040\000d\000e\000l\000\040\000m\000o\000d\000e\000l\000l\000o}{section.3}% 7
\BOOKMARK [2][-]{subsection.3.2}{\376\377\000N\000o\000d\000i}{section.3}% 8
\BOOKMARK [2][-]{subsection.3.3}{\376\377\000M\000a\000t\000e\000r\000i\000a\000l\000i}{section.3}% 9
\BOOKMARK [3][-]{subsubsection.3.3.1}{\376\377\000e\000l\000a\000s\000t\000i\000c}{subsection.3.3}% 10
\BOOKMARK [3][-]{subsubsection.3.3.2}{\376\377\000s\000t\000e\000e\000l\0000\0001}{subsection.3.3}% 11
\BOOKMARK [2][-]{subsection.3.4}{\376\377\000S\000e\000z\000i\000o\000n\000i}{section.3}% 12
\BOOKMARK [3][-]{subsubsection.3.4.1}{\376\377\000e\000l\000a\000s\000t\000i\000c\000S\000e\000c\000t\000i\000o\000n}{subsection.3.4}% 13
\BOOKMARK [3][-]{subsubsection.3.4.2}{\376\377\000a\000g\000g\000r\000e\000g\000a\000t\000o\000r}{subsection.3.4}% 14
\BOOKMARK [2][-]{subsection.3.5}{\376\377\000I\000n\000t\000e\000g\000r\000a\000z\000i\000o\000n\000e\000\040\000l\000u\000n\000g\000o\000\040\000l\000'\000e\000l\000e\000m\000e\000n\000t\000o}{section.3}% 15
\BOOKMARK [3][-]{subsubsection.3.5.1}{\376\377\000l\000o\000b\000a\000t\000t\000o}{subsection.3.5}% 16
\BOOKMARK [3][-]{subsubsection.3.5.2}{\376\377\000l\000e\000g\000e\000n\000d\000r\000e}{subsection.3.5}% 17
\BOOKMARK [2][-]{subsection.3.6}{\376\377\000T\000r\000a\000s\000f\000o\000r\000m\000a\000z\000i\000o\000n\000i\000\040\000g\000e\000o\000m\000e\000t\000r\000i\000c\000h\000e}{section.3}% 18
\BOOKMARK [3][-]{subsubsection.3.6.1}{\376\377\000l\000i\000n\000e\000a\000r}{subsection.3.6}% 19
\BOOKMARK [2][-]{subsection.3.7}{\376\377\000E\000l\000e\000m\000e\000n\000t\000i}{section.3}% 20
\BOOKMARK [3][-]{subsubsection.3.7.1}{\376\377\000d\000i\000s\000p\000B\000e\000a\000m\000C\000o\000l\000u\000m\000n}{subsection.3.7}% 21
\BOOKMARK [1][-]{section.4}{\376\377\000E\000s\000e\000m\000p\000i\000o\000\040\000c\000o\000m\000p\000l\000e\000t\000o}{}% 22
\BOOKMARK [1][-]{section.5}{\376\377\000M\000e\000t\000o\000d\000i\000\040\000e\000s\000p\000l\000i\000c\000i\000t\000i\000\040\000d\000i\000s\000p\000o\000n\000i\000b\000i\000l\000i}{}% 23
